// Jest Snapshot v1, https://goo.gl/fbAQLP

exports[`AboutLayout renders correctly 1`] = `
Array [
  <header>
    <nav>
      <a
        href="/"
        id="home"
      >
        <div
          id="site-logo"
        >
          <test-file-stub />
        </div>
        <div>
          Headstone Addresses
        </div>
      </a>
      <div
        id="menu"
      >
        <a
          className="nav-link"
          href="/about"
        >
          About
        </a>
        <a
          className="social"
          href="https://instagram.com/headstoneaddresses"
          rel="noreferrer noopener"
          target="_blank"
        >
          <svg
            fill="none"
            height={24}
            stroke="currentColor"
            strokeLinecap="round"
            strokeLinejoin="round"
            strokeWidth="2"
            viewBox="0 0 24 24"
            width={24}
            xmlns="http://www.w3.org/2000/svg"
          >
            <rect
              height="20"
              rx="5"
              ry="5"
              width="20"
              x="2"
              y="2"
            />
            <path
              d="M16 11.37A4 4 0 1 1 12.63 8 4 4 0 0 1 16 11.37z"
            />
            <line
              x1="17.5"
              x2="17.51"
              y1="6.5"
              y2="6.5"
            />
          </svg>
        </a>
      </div>
    </nav>
  </header>,
  <main
    className="about"
  >
    <div
      className="about-menu"
    >
      <a
        className="about-link"
        href="/about"
      >
        About
      </a>
      <a
        className="about-link"
        href="/about/contributors"
      >
        Contributors
      </a>
      <a
        className="about-link"
        href="/about/methodology"
      >
        Methodology
      </a>
      <a
        className="about-link"
        href="/about/support"
      >
        Support
      </a>
    </div>
    <div
      className="about-background"
    >
      <div
        className="about-content fade-in"
      >
        <div>
          Test
        </div>
      </div>
    </div>
  </main>,
  <footer>
    Â© Elaine Yip 2021. Supported by the Edmonton Heritage Council and the City of Edmonton.
  </footer>,
]
`;
